Logging started. Writing to logs/verification_log.txt...

=== prosthetic ===
  theoretical min error: 519.5793, n_splines: 452, dp_time: 0.501s
  Testing total segment budget: 904 (k=2 per spline for Van)
Set parameter Username
Set parameter LicenseID to value 2849421
Academic license - for non-commercial use only - expires 2027-07-30
Set parameter Method to value 6
Set parameter TimeLimit to value 1000
Set parameter Presolve to value -1
    Opt k=2 (budget=904): width=21.4501, ilp=0.343s, milp=0.082s
Set parameter Method to value 6
Set parameter TimeLimit to value 1000
Set parameter Presolve to value -1
    Van k=2: width=18.2781, milp=0.101s
  Testing total segment budget: 1356 (k=3 per spline for Van)
Set parameter Method to value 6
Set parameter TimeLimit to value 1000
Set parameter Presolve to value -1
    Opt k=3 (budget=1356): width=21.4501, ilp=0.067s, milp=0.322s
Set parameter Method to value 6
Set parameter TimeLimit to value 1000
Set parameter Presolve to value -1
    Van k=3: width=20.1994, milp=0.266s
  Testing total segment budget: 1808 (k=4 per spline for Van)
Set parameter Method to value 6
Set parameter TimeLimit to value 1000
Set parameter Presolve to value -1
    Opt k=4 (budget=1808): width=20.0363, ilp=0.036s, milp=3.352s
Set parameter Method to value 6
Set parameter TimeLimit to value 1000
Set parameter Presolve to value -1
    Van k=4: width=19.4498, milp=1.192s
  Testing total segment budget: 2260 (k=5 per spline for Van)
Set parameter Method to value 6
Set parameter TimeLimit to value 1000
Set parameter Presolve to value -1
    Opt k=5 (budget=2260): width=19.2574, ilp=0.037s, milp=37.570s
Set parameter Method to value 6
Set parameter TimeLimit to value 1000
Set parameter Presolve to value -1
    Van k=5: width=19.7753, milp=2.340s
  Testing total segment budget: 2712 (k=6 per spline for Van)
Set parameter Method to value 6
Set parameter TimeLimit to value 1000
Set parameter Presolve to value -1
    Opt k=6 (budget=2712): width=19.0951, ilp=0.052s, milp=15.186s
Set parameter Method to value 6
Set parameter TimeLimit to value 1000
Set parameter Presolve to value -1
