Logging started. Writing to logs/verification_log.txt...

=== functionbessel ===
  theoretical min error: 0.3977, n_splines: 1, dp_time: 0.097s
  Testing total segment budget: 2 (k=2 per spline for Van)
Set parameter Username
Set parameter LicenseID to value 2849421
Academic license - for non-commercial use only - expires 2027-07-30
Set parameter Method to value 6
Set parameter TimeLimit to value 1000
Set parameter Presolve to value -1
    Opt k=2 (budget=2): width=1.7171, ilp=0.316s, milp=0.018s
Set parameter Method to value 6
Set parameter TimeLimit to value 1000
Set parameter Presolve to value -1
    Van k=2: width=1.7171, milp=0.014s
  Testing total segment budget: 3 (k=3 per spline for Van)
Set parameter Method to value 6
Set parameter TimeLimit to value 1000
Set parameter Presolve to value -1
    Opt k=3 (budget=3): width=1.7161, ilp=0.000s, milp=0.013s
Set parameter Method to value 6
Set parameter TimeLimit to value 1000
Set parameter Presolve to value -1
    Van k=3: width=1.7161, milp=0.013s
  Testing total segment budget: 4 (k=4 per spline for Van)
Set parameter Method to value 6
Set parameter TimeLimit to value 1000
Set parameter Presolve to value -1
    Opt k=4 (budget=4): width=2.1622, ilp=0.000s, milp=0.013s
Set parameter Method to value 6
Set parameter TimeLimit to value 1000
Set parameter Presolve to value -1
    Van k=4: width=2.1622, milp=0.013s
  Testing total segment budget: 5 (k=5 per spline for Van)
Set parameter Method to value 6
Set parameter TimeLimit to value 1000
Set parameter Presolve to value -1
    Opt k=5 (budget=5): width=2.2787, ilp=0.000s, milp=0.013s
Set parameter Method to value 6
Set parameter TimeLimit to value 1000
Set parameter Presolve to value -1
    Van k=5: width=2.2787, milp=0.013s
  Testing total segment budget: 6 (k=6 per spline for Van)
Set parameter Method to value 6
Set parameter TimeLimit to value 1000
Set parameter Presolve to value -1
    Opt k=6 (budget=6): width=2.0949, ilp=0.000s, milp=0.013s
Set parameter Method to value 6
Set parameter TimeLimit to value 1000
Set parameter Presolve to value -1
    Van k=6: width=2.0949, milp=0.014s
  Testing total segment budget: 7 (k=7 per spline for Van)
Set parameter Method to value 6
Set parameter TimeLimit to value 1000
Set parameter Presolve to value -1
    Opt k=7 (budget=7): width=2.0731, ilp=0.000s, milp=0.013s
Set parameter Method to value 6
Set parameter TimeLimit to value 1000
Set parameter Presolve to value -1
    Van k=7: width=2.0731, milp=0.013s
  Input sweep allocations: delta-based uses 5 segments (5.0/spline); equal-budget uses 5 (Van k=5 uses 5)
  Testing input width: 0.01 (bounds=(-0.005, 0.005))
Set parameter Method to value 6
Set parameter TimeLimit to value 1000
Set parameter Presolve to value -1
    Opt (delta, 5 segs): width=1.0463, milp=0.013s
Set parameter Method to value 6
Set parameter TimeLimit to value 1000
Set parameter Presolve to value -1
    Opt (eq-budget, 5 segs): width=1.0463, milp=0.014s
Set parameter Method to value 6
Set parameter TimeLimit to value 1000
Set parameter Presolve to value -1
    Van k=5: width=1.0463, milp=0.013s
  Testing input width: 0.05 (bounds=(-0.025, 0.025))
Set parameter Method to value 6
Set parameter TimeLimit to value 1000
Set parameter Presolve to value -1
    Opt (delta, 5 segs): width=1.1989, milp=0.013s
Set parameter Method to value 6
Set parameter TimeLimit to value 1000
Set parameter Presolve to value -1
    Opt (eq-budget, 5 segs): width=1.1989, milp=0.013s
Set parameter Method to value 6
Set parameter TimeLimit to value 1000
Set parameter Presolve to value -1
    Van k=5: width=1.1989, milp=0.013s
  Testing input width: 0.1 (bounds=(-0.050, 0.050))
Set parameter Method to value 6
Set parameter TimeLimit to value 1000
Set parameter Presolve to value -1
    Opt (delta, 5 segs): width=1.3271, milp=0.014s
Set parameter Method to value 6
Set parameter TimeLimit to value 1000
Set parameter Presolve to value -1
    Opt (eq-budget, 5 segs): width=1.3271, milp=0.014s
Set parameter Method to value 6
Set parameter TimeLimit to value 1000
Set parameter Presolve to value -1
    Van k=5: width=1.3271, milp=0.014s
  Testing input width: 0.5 (bounds=(-0.250, 0.250))
Set parameter Method to value 6
Set parameter TimeLimit to value 1000
Set parameter Presolve to value -1
    Opt (delta, 5 segs): width=2.2787, milp=0.013s
Set parameter Method to value 6
Set parameter TimeLimit to value 1000
Set parameter Presolve to value -1
    Opt (eq-budget, 5 segs): width=2.2787, milp=0.013s
Set parameter Method to value 6
Set parameter TimeLimit to value 1000
Set parameter Presolve to value -1
    Van k=5: width=2.2787, milp=0.013s
  Testing input width: 1.0 (bounds=(-0.500, 0.500))
Set parameter Method to value 6
Set parameter TimeLimit to value 1000
Set parameter Presolve to value -1
    Opt (delta, 5 segs): width=2.2787, milp=0.013s
Set parameter Method to value 6
Set parameter TimeLimit to value 1000
Set parameter Presolve to value -1
    Opt (eq-budget, 5 segs): width=2.2787, milp=0.013s
Set parameter Method to value 6
Set parameter TimeLimit to value 1000
Set parameter Presolve to value -1
    Van k=5: width=2.2787, milp=0.013s
  Testing input width: 2.0 (bounds=(-1.000, 1.000))
Set parameter Method to value 6
Set parameter TimeLimit to value 1000
Set parameter Presolve to value -1
    Opt (delta, 5 segs): width=2.2787, milp=0.013s
Set parameter Method to value 6
Set parameter TimeLimit to value 1000
Set parameter Presolve to value -1
    Opt (eq-budget, 5 segs): width=2.2787, milp=0.013s
Set parameter Method to value 6
Set parameter TimeLimit to value 1000
Set parameter Presolve to value -1
    Van k=5: width=2.2787, milp=0.013s
  Testing input width: 5.0 (bounds=(-2.500, 2.500))
Set parameter Method to value 6
Set parameter TimeLimit to value 1000
Set parameter Presolve to value -1
    Opt (delta, 5 segs): width=2.2787, milp=0.013s
Set parameter Method to value 6
Set parameter TimeLimit to value 1000
Set parameter Presolve to value -1
    Opt (eq-budget, 5 segs): width=2.2787, milp=0.013s
Set parameter Method to value 6
Set parameter TimeLimit to value 1000
Set parameter Presolve to value -1
    Van k=5: width=2.2787, milp=0.013s
Saved graph data to logs/graph_data_functionbessel.json

=== functionexp ===
  theoretical min error: 3.1740, n_splines: 3, dp_time: 0.044s
  Testing total segment budget: 6 (k=2 per spline for Van)
Set parameter Method to value 6
Set parameter TimeLimit to value 1000
Set parameter Presolve to value -1
    Opt k=2 (budget=6): width=13.5558, ilp=0.002s, milp=0.013s
Set parameter Method to value 6
Set parameter TimeLimit to value 1000
Set parameter Presolve to value -1
    Van k=2: width=9.6634, milp=0.013s
  Testing total segment budget: 9 (k=3 per spline for Van)
Set parameter Method to value 6
Set parameter TimeLimit to value 1000
Set parameter Presolve to value -1
    Opt k=3 (budget=9): width=9.2338, ilp=0.001s, milp=0.013s
Set parameter Method to value 6
Set parameter TimeLimit to value 1000
Set parameter Presolve to value -1
    Van k=3: width=8.8763, milp=0.013s
  Testing total segment budget: 12 (k=4 per spline for Van)
Set parameter Method to value 6
Set parameter TimeLimit to value 1000
Set parameter Presolve to value -1
    Opt k=4 (budget=12): width=8.1738, ilp=0.001s, milp=0.014s
Set parameter Method to value 6
Set parameter TimeLimit to value 1000
Set parameter Presolve to value -1
    Van k=4: width=8.3487, milp=0.013s
  Testing total segment budget: 15 (k=5 per spline for Van)
Set parameter Method to value 6
Set parameter TimeLimit to value 1000
Set parameter Presolve to value -1
    Opt k=5 (budget=15): width=8.1738, ilp=0.001s, milp=0.013s
Set parameter Method to value 6
Set parameter TimeLimit to value 1000
Set parameter Presolve to value -1
    Van k=5: width=8.1738, milp=0.013s
  Testing total segment budget: 18 (k=6 per spline for Van)
Set parameter Method to value 6
Set parameter TimeLimit to value 1000
Set parameter Presolve to value -1
    Opt k=6 (budget=18): width=8.3165, ilp=0.001s, milp=0.013s
Set parameter Method to value 6
Set parameter TimeLimit to value 1000
Set parameter Presolve to value -1
    Van k=6: width=8.1037, milp=0.013s
  Testing total segment budget: 21 (k=7 per spline for Van)
Set parameter Method to value 6
Set parameter TimeLimit to value 1000
Set parameter Presolve to value -1
    Opt k=7 (budget=21): width=7.8948, ilp=0.000s, milp=0.013s
Set parameter Method to value 6
Set parameter TimeLimit to value 1000
Set parameter Presolve to value -1
    Van k=7: width=7.8948, milp=0.013s
  Input sweep allocations: delta-based uses 15 segments (5.0/spline); equal-budget uses 15 (Van k=5 uses 15)
  Testing input width: 0.01 (bounds=(-0.005, 0.005))
Set parameter Method to value 6
Set parameter TimeLimit to value 1000
Set parameter Presolve to value -1
    Opt (delta, 15 segs): width=2.6715, milp=0.013s
Set parameter Method to value 6
Set parameter TimeLimit to value 1000
Set parameter Presolve to value -1
    Opt (eq-budget, 15 segs): width=2.6715, milp=0.014s
Set parameter Method to value 6
Set parameter TimeLimit to value 1000
Set parameter Presolve to value -1
    Van k=5: width=2.9577, milp=0.013s
  Testing input width: 0.05 (bounds=(-0.025, 0.025))
Set parameter Method to value 6
Set parameter TimeLimit to value 1000
Set parameter Presolve to value -1
    Opt (delta, 15 segs): width=2.8309, milp=0.015s
Set parameter Method to value 6
Set parameter TimeLimit to value 1000
Set parameter Presolve to value -1
    Opt (eq-budget, 15 segs): width=2.8309, milp=0.014s
Set parameter Method to value 6
Set parameter TimeLimit to value 1000
Set parameter Presolve to value -1
    Van k=5: width=3.1212, milp=0.013s
  Testing input width: 0.1 (bounds=(-0.050, 0.050))
Set parameter Method to value 6
Set parameter TimeLimit to value 1000
Set parameter Presolve to value -1
    Opt (delta, 15 segs): width=3.0301, milp=0.013s
Set parameter Method to value 6
Set parameter TimeLimit to value 1000
Set parameter Presolve to value -1
    Opt (eq-budget, 15 segs): width=3.0301, milp=0.014s
Set parameter Method to value 6
Set parameter TimeLimit to value 1000
Set parameter Presolve to value -1
    Van k=5: width=3.3255, milp=0.013s
  Testing input width: 0.5 (bounds=(-0.250, 0.250))
Set parameter Method to value 6
Set parameter TimeLimit to value 1000
Set parameter Presolve to value -1
    Opt (delta, 15 segs): width=4.6237, milp=0.013s
Set parameter Method to value 6
Set parameter TimeLimit to value 1000
Set parameter Presolve to value -1
    Opt (eq-budget, 15 segs): width=4.6237, milp=0.013s
Set parameter Method to value 6
Set parameter TimeLimit to value 1000
Set parameter Presolve to value -1
    Van k=5: width=4.9599, milp=0.013s
  Testing input width: 1.0 (bounds=(-0.500, 0.500))
Set parameter Method to value 6
Set parameter TimeLimit to value 1000
Set parameter Presolve to value -1
    Opt (delta, 15 segs): width=6.2999, milp=0.013s
Set parameter Method to value 6
Set parameter TimeLimit to value 1000
Set parameter Presolve to value -1
    Opt (eq-budget, 15 segs): width=6.2999, milp=0.013s
Set parameter Method to value 6
Set parameter TimeLimit to value 1000
Set parameter Presolve to value -1
    Van k=5: width=6.8925, milp=0.013s
  Testing input width: 2.0 (bounds=(-1.000, 1.000))
Set parameter Method to value 6
Set parameter TimeLimit to value 1000
Set parameter Presolve to value -1
    Opt (delta, 15 segs): width=7.6378, milp=0.013s
Set parameter Method to value 6
Set parameter TimeLimit to value 1000
Set parameter Presolve to value -1
    Opt (eq-budget, 15 segs): width=7.6378, milp=0.013s
Set parameter Method to value 6
Set parameter TimeLimit to value 1000
Set parameter Presolve to value -1
    Van k=5: width=7.8552, milp=0.013s
  Testing input width: 5.0 (bounds=(-2.500, 2.500))
Set parameter Method to value 6
Set parameter TimeLimit to value 1000
Set parameter Presolve to value -1
    Opt (delta, 15 segs): width=8.1738, milp=0.013s
Set parameter Method to value 6
Set parameter TimeLimit to value 1000
Set parameter Presolve to value -1
    Opt (eq-budget, 15 segs): width=8.1738, milp=0.013s
Set parameter Method to value 6
Set parameter TimeLimit to value 1000
Set parameter Presolve to value -1
    Van k=5: width=8.1738, milp=0.013s
Saved graph data to logs/graph_data_functionexp.json

=== functionxy ===
  theoretical min error: 0.6715, n_splines: 6, dp_time: 0.068s
  Testing total segment budget: 12 (k=2 per spline for Van)
Set parameter Method to value 6
Set parameter TimeLimit to value 1000
Set parameter Presolve to value -1
    Opt k=2 (budget=12): width=3.6358, ilp=0.002s, milp=0.016s
Set parameter Method to value 6
Set parameter TimeLimit to value 1000
Set parameter Presolve to value -1
    Van k=2: width=3.6770, milp=0.014s
  Testing total segment budget: 18 (k=3 per spline for Van)
Set parameter Method to value 6
Set parameter TimeLimit to value 1000
Set parameter Presolve to value -1
    Opt k=3 (budget=18): width=3.6344, ilp=0.003s, milp=0.014s
Set parameter Method to value 6
Set parameter TimeLimit to value 1000
Set parameter Presolve to value -1
    Van k=3: width=3.3304, milp=0.014s
  Testing total segment budget: 24 (k=4 per spline for Van)
Set parameter Method to value 6
Set parameter TimeLimit to value 1000
Set parameter Presolve to value -1
    Opt k=4 (budget=24): width=2.8991, ilp=0.002s, milp=0.015s
Set parameter Method to value 6
Set parameter TimeLimit to value 1000
Set parameter Presolve to value -1
    Van k=4: width=2.9482, milp=0.015s
  Testing total segment budget: 30 (k=5 per spline for Van)
Set parameter Method to value 6
Set parameter TimeLimit to value 1000
Set parameter Presolve to value -1
    Opt k=5 (budget=30): width=2.7325, ilp=0.002s, milp=0.015s
Set parameter Method to value 6
Set parameter TimeLimit to value 1000
Set parameter Presolve to value -1
    Van k=5: width=2.7479, milp=0.014s
  Testing total segment budget: 36 (k=6 per spline for Van)
Set parameter Method to value 6
Set parameter TimeLimit to value 1000
Set parameter Presolve to value -1
    Opt k=6 (budget=36): width=2.3412, ilp=0.002s, milp=0.015s
Set parameter Method to value 6
Set parameter TimeLimit to value 1000
Set parameter Presolve to value -1
    Van k=6: width=2.5720, milp=0.015s
  Testing total segment budget: 42 (k=7 per spline for Van)
Set parameter Method to value 6
Set parameter TimeLimit to value 1000
Set parameter Presolve to value -1
    Opt k=7 (budget=42): width=2.3142, ilp=0.001s, milp=0.016s
Set parameter Method to value 6
Set parameter TimeLimit to value 1000
Set parameter Presolve to value -1
    Van k=7: width=2.3142, milp=0.015s
  Input sweep allocations: delta-based uses 30 segments (5.0/spline); equal-budget uses 30 (Van k=5 uses 30)
  Testing input width: 0.01 (bounds=(-0.005, 0.005))
Set parameter Method to value 6
Set parameter TimeLimit to value 1000
Set parameter Presolve to value -1
    Opt (delta, 30 segs): width=0.9642, milp=0.015s
Set parameter Method to value 6
Set parameter TimeLimit to value 1000
Set parameter Presolve to value -1
    Opt (eq-budget, 30 segs): width=0.9642, milp=0.015s
Set parameter Method to value 6
Set parameter TimeLimit to value 1000
Set parameter Presolve to value -1
    Van k=5: width=0.9359, milp=0.015s
  Testing input width: 0.05 (bounds=(-0.025, 0.025))
Set parameter Method to value 6
Set parameter TimeLimit to value 1000
Set parameter Presolve to value -1
    Opt (delta, 30 segs): width=1.0057, milp=0.015s
Set parameter Method to value 6
Set parameter TimeLimit to value 1000
Set parameter Presolve to value -1
    Opt (eq-budget, 30 segs): width=1.0057, milp=0.015s
Set parameter Method to value 6
Set parameter TimeLimit to value 1000
Set parameter Presolve to value -1
    Van k=5: width=0.9685, milp=0.015s
  Testing input width: 0.1 (bounds=(-0.050, 0.050))
Set parameter Method to value 6
Set parameter TimeLimit to value 1000
Set parameter Presolve to value -1
    Opt (delta, 30 segs): width=1.0306, milp=0.014s
Set parameter Method to value 6
Set parameter TimeLimit to value 1000
Set parameter Presolve to value -1
    Opt (eq-budget, 30 segs): width=1.0306, milp=0.015s
Set parameter Method to value 6
Set parameter TimeLimit to value 1000
Set parameter Presolve to value -1
    Van k=5: width=1.0111, milp=0.015s
  Testing input width: 0.5 (bounds=(-0.250, 0.250))
Set parameter Method to value 6
Set parameter TimeLimit to value 1000
Set parameter Presolve to value -1
    Opt (delta, 30 segs): width=1.3320, milp=0.015s
Set parameter Method to value 6
Set parameter TimeLimit to value 1000
Set parameter Presolve to value -1
    Opt (eq-budget, 30 segs): width=1.3320, milp=0.015s
Set parameter Method to value 6
Set parameter TimeLimit to value 1000
Set parameter Presolve to value -1
    Van k=5: width=1.2520, milp=0.015s
  Testing input width: 1.0 (bounds=(-0.500, 0.500))
Set parameter Method to value 6
Set parameter TimeLimit to value 1000
Set parameter Presolve to value -1
    Opt (delta, 30 segs): width=1.7462, milp=0.015s
Set parameter Method to value 6
Set parameter TimeLimit to value 1000
Set parameter Presolve to value -1
    Opt (eq-budget, 30 segs): width=1.7462, milp=0.015s
Set parameter Method to value 6
Set parameter TimeLimit to value 1000
Set parameter Presolve to value -1
    Van k=5: width=1.6449, milp=0.015s
  Testing input width: 2.0 (bounds=(-1.000, 1.000))
Set parameter Method to value 6
Set parameter TimeLimit to value 1000
Set parameter Presolve to value -1
    Opt (delta, 30 segs): width=2.7321, milp=0.015s
Set parameter Method to value 6
Set parameter TimeLimit to value 1000
Set parameter Presolve to value -1
    Opt (eq-budget, 30 segs): width=2.7321, milp=0.015s
Set parameter Method to value 6
Set parameter TimeLimit to value 1000
Set parameter Presolve to value -1
    Van k=5: width=2.7445, milp=0.015s
  Testing input width: 5.0 (bounds=(-2.500, 2.500))
Set parameter Method to value 6
Set parameter TimeLimit to value 1000
Set parameter Presolve to value -1
    Opt (delta, 30 segs): width=2.7325, milp=0.014s
Set parameter Method to value 6
Set parameter TimeLimit to value 1000
Set parameter Presolve to value -1
    Opt (eq-budget, 30 segs): width=2.7325, milp=0.015s
Set parameter Method to value 6
Set parameter TimeLimit to value 1000
Set parameter Presolve to value -1
    Van k=5: width=2.7479, milp=0.015s
Saved graph data to logs/graph_data_functionxy.json

=== functionlegendre ===
  theoretical min error: 5.5144, n_splines: 10, dp_time: 0.070s
  Testing total segment budget: 20 (k=2 per spline for Van)
Set parameter Method to value 6
Set parameter TimeLimit to value 1000
Set parameter Presolve to value -1
    Opt k=2 (budget=20): width=8.4155, ilp=0.003s, milp=0.015s
Set parameter Method to value 6
Set parameter TimeLimit to value 1000
Set parameter Presolve to value -1
    Van k=2: width=11.5704, milp=0.014s
  Testing total segment budget: 30 (k=3 per spline for Van)
Set parameter Method to value 6
Set parameter TimeLimit to value 1000
Set parameter Presolve to value -1
    Opt k=3 (budget=30): width=7.1637, ilp=0.001s, milp=0.025s
Set parameter Method to value 6
Set parameter TimeLimit to value 1000
Set parameter Presolve to value -1
    Van k=3: width=8.9927, milp=0.014s
  Testing total segment budget: 40 (k=4 per spline for Van)
Set parameter Method to value 6
Set parameter TimeLimit to value 1000
Set parameter Presolve to value -1
    Opt k=4 (budget=40): width=6.0274, ilp=0.002s, milp=0.066s
Set parameter Method to value 6
Set parameter TimeLimit to value 1000
Set parameter Presolve to value -1
    Van k=4: width=10.6421, milp=0.025s
  Testing total segment budget: 50 (k=5 per spline for Van)
Set parameter Method to value 6
Set parameter TimeLimit to value 1000
Set parameter Presolve to value -1
    Opt k=5 (budget=50): width=5.1273, ilp=0.002s, milp=0.088s
Set parameter Method to value 6
Set parameter TimeLimit to value 1000
Set parameter Presolve to value -1
    Van k=5: width=8.0009, milp=0.090s
  Testing total segment budget: 60 (k=6 per spline for Van)
Set parameter Method to value 6
Set parameter TimeLimit to value 1000
Set parameter Presolve to value -1
    Opt k=6 (budget=60): width=4.8638, ilp=0.003s, milp=0.119s
Set parameter Method to value 6
Set parameter TimeLimit to value 1000
Set parameter Presolve to value -1
    Van k=6: width=5.6062, milp=0.150s
  Testing total segment budget: 70 (k=7 per spline for Van)
Set parameter Method to value 6
Set parameter TimeLimit to value 1000
Set parameter Presolve to value -1
    Opt k=7 (budget=70): width=4.8198, ilp=0.001s, milp=0.088s
Set parameter Method to value 6
Set parameter TimeLimit to value 1000
Set parameter Presolve to value -1
    Van k=7: width=4.8198, milp=0.098s
  Input sweep allocations: delta-based uses 50 segments (5.0/spline); equal-budget uses 50 (Van k=5 uses 50)
  Testing input width: 0.01 (bounds=(-0.005, 0.005))
Set parameter Method to value 6
Set parameter TimeLimit to value 1000
Set parameter Presolve to value -1
    Opt (delta, 50 segs): width=2.0446, milp=0.016s
Set parameter Method to value 6
Set parameter TimeLimit to value 1000
Set parameter Presolve to value -1
    Opt (eq-budget, 50 segs): width=2.0446, milp=0.014s
Set parameter Method to value 6
Set parameter TimeLimit to value 1000
Set parameter Presolve to value -1
    Van k=5: width=2.4560, milp=0.014s
  Testing input width: 0.05 (bounds=(-0.025, 0.025))
Set parameter Method to value 6
Set parameter TimeLimit to value 1000
Set parameter Presolve to value -1
    Opt (delta, 50 segs): width=2.0710, milp=0.017s
Set parameter Method to value 6
Set parameter TimeLimit to value 1000
Set parameter Presolve to value -1
    Opt (eq-budget, 50 segs): width=2.0710, milp=0.015s
Set parameter Method to value 6
Set parameter TimeLimit to value 1000
Set parameter Presolve to value -1
    Van k=5: width=2.5069, milp=0.016s
  Testing input width: 0.1 (bounds=(-0.050, 0.050))
Set parameter Method to value 6
Set parameter TimeLimit to value 1000
Set parameter Presolve to value -1
    Opt (delta, 50 segs): width=2.1090, milp=0.016s
Set parameter Method to value 6
Set parameter TimeLimit to value 1000
Set parameter Presolve to value -1
    Opt (eq-budget, 50 segs): width=2.1090, milp=0.014s
Set parameter Method to value 6
Set parameter TimeLimit to value 1000
Set parameter Presolve to value -1
    Van k=5: width=2.5711, milp=0.013s
  Testing input width: 0.5 (bounds=(-0.250, 0.250))
Set parameter Method to value 6
Set parameter TimeLimit to value 1000
Set parameter Presolve to value -1
    Opt (delta, 50 segs): width=2.5301, milp=0.014s
Set parameter Method to value 6
Set parameter TimeLimit to value 1000
Set parameter Presolve to value -1
    Opt (eq-budget, 50 segs): width=2.5301, milp=0.016s
Set parameter Method to value 6
Set parameter TimeLimit to value 1000
Set parameter Presolve to value -1
    Van k=5: width=3.0782, milp=0.013s
  Testing input width: 1.0 (bounds=(-0.500, 0.500))
Set parameter Method to value 6
Set parameter TimeLimit to value 1000
Set parameter Presolve to value -1
    Opt (delta, 50 segs): width=3.4515, milp=0.014s
Set parameter Method to value 6
Set parameter TimeLimit to value 1000
Set parameter Presolve to value -1
    Opt (eq-budget, 50 segs): width=3.4515, milp=0.014s
Set parameter Method to value 6
Set parameter TimeLimit to value 1000
Set parameter Presolve to value -1
    Van k=5: width=3.9329, milp=0.014s
  Testing input width: 2.0 (bounds=(-1.000, 1.000))
Set parameter Method to value 6
Set parameter TimeLimit to value 1000
Set parameter Presolve to value -1
    Opt (delta, 50 segs): width=5.0959, milp=0.077s
Set parameter Method to value 6
Set parameter TimeLimit to value 1000
Set parameter Presolve to value -1
    Opt (eq-budget, 50 segs): width=5.0959, milp=0.067s
Set parameter Method to value 6
Set parameter TimeLimit to value 1000
Set parameter Presolve to value -1
    Van k=5: width=7.9945, milp=0.046s
  Testing input width: 5.0 (bounds=(-2.500, 2.500))
Set parameter Method to value 6
Set parameter TimeLimit to value 1000
Set parameter Presolve to value -1
    Opt (delta, 50 segs): width=5.1273, milp=0.120s
Set parameter Method to value 6
Set parameter TimeLimit to value 1000
Set parameter Presolve to value -1
    Opt (eq-budget, 50 segs): width=5.1273, milp=0.108s
Set parameter Method to value 6
Set parameter TimeLimit to value 1000
Set parameter Presolve to value -1
    Van k=5: width=8.0009, milp=0.107s
Saved graph data to logs/graph_data_functionlegendre.json

=== funcellipeinc ===
  theoretical min error: 4.0399, n_splines: 7, dp_time: 0.059s
  Testing total segment budget: 14 (k=2 per spline for Van)
Set parameter Method to value 6
Set parameter TimeLimit to value 1000
Set parameter Presolve to value -1
    Opt k=2 (budget=14): width=4.6125, ilp=0.003s, milp=0.014s
Set parameter Method to value 6
Set parameter TimeLimit to value 1000
Set parameter Presolve to value -1
    Van k=2: width=4.6106, milp=0.014s
  Testing total segment budget: 21 (k=3 per spline for Van)
Set parameter Method to value 6
Set parameter TimeLimit to value 1000
Set parameter Presolve to value -1
    Opt k=3 (budget=21): width=4.6125, ilp=0.001s, milp=0.014s
Set parameter Method to value 6
Set parameter TimeLimit to value 1000
Set parameter Presolve to value -1
    Van k=3: width=5.0184, milp=0.016s
  Testing total segment budget: 28 (k=4 per spline for Van)
Set parameter Method to value 6
Set parameter TimeLimit to value 1000
Set parameter Presolve to value -1
    Opt k=4 (budget=28): width=4.9694, ilp=0.002s, milp=0.017s
Set parameter Method to value 6
Set parameter TimeLimit to value 1000
Set parameter Presolve to value -1
    Van k=4: width=4.9446, milp=0.015s
  Testing total segment budget: 35 (k=5 per spline for Van)
Set parameter Method to value 6
Set parameter TimeLimit to value 1000
Set parameter Presolve to value -1
    Opt k=5 (budget=35): width=4.8088, ilp=0.002s, milp=0.016s
Set parameter Method to value 6
Set parameter TimeLimit to value 1000
Set parameter Presolve to value -1
    Van k=5: width=4.9694, milp=0.014s
  Testing total segment budget: 42 (k=6 per spline for Van)
Set parameter Method to value 6
Set parameter TimeLimit to value 1000
Set parameter Presolve to value -1
    Opt k=6 (budget=42): width=4.7551, ilp=0.002s, milp=0.024s
Set parameter Method to value 6
Set parameter TimeLimit to value 1000
Set parameter Presolve to value -1
    Van k=6: width=4.7579, milp=0.016s
  Testing total segment budget: 49 (k=7 per spline for Van)
Set parameter Method to value 6
Set parameter TimeLimit to value 1000
Set parameter Presolve to value -1
    Opt k=7 (budget=49): width=4.6776, ilp=0.001s, milp=0.015s
Set parameter Method to value 6
Set parameter TimeLimit to value 1000
Set parameter Presolve to value -1
    Van k=7: width=4.6776, milp=0.015s
  Input sweep allocations: delta-based uses 35 segments (5.0/spline); equal-budget uses 35 (Van k=5 uses 35)
  Testing input width: 0.01 (bounds=(-0.005, 0.005))
Set parameter Method to value 6
Set parameter TimeLimit to value 1000
Set parameter Presolve to value -1
    Opt (delta, 35 segs): width=1.5963, milp=0.016s
Set parameter Method to value 6
Set parameter TimeLimit to value 1000
Set parameter Presolve to value -1
    Opt (eq-budget, 35 segs): width=1.5963, milp=0.015s
Set parameter Method to value 6
Set parameter TimeLimit to value 1000
Set parameter Presolve to value -1
    Van k=5: width=2.0661, milp=0.015s
  Testing input width: 0.05 (bounds=(-0.025, 0.025))
Set parameter Method to value 6
Set parameter TimeLimit to value 1000
Set parameter Presolve to value -1
    Opt (delta, 35 segs): width=1.6626, milp=0.015s
Set parameter Method to value 6
Set parameter TimeLimit to value 1000
Set parameter Presolve to value -1
    Opt (eq-budget, 35 segs): width=1.6626, milp=0.016s
Set parameter Method to value 6
Set parameter TimeLimit to value 1000
Set parameter Presolve to value -1
    Van k=5: width=2.1388, milp=0.015s
  Testing input width: 0.1 (bounds=(-0.050, 0.050))
Set parameter Method to value 6
Set parameter TimeLimit to value 1000
Set parameter Presolve to value -1
    Opt (delta, 35 segs): width=1.7473, milp=0.013s
Set parameter Method to value 6
Set parameter TimeLimit to value 1000
Set parameter Presolve to value -1
    Opt (eq-budget, 35 segs): width=1.7473, milp=0.013s
Set parameter Method to value 6
Set parameter TimeLimit to value 1000
Set parameter Presolve to value -1
    Van k=5: width=2.2297, milp=0.013s
  Testing input width: 0.5 (bounds=(-0.250, 0.250))
Set parameter Method to value 6
Set parameter TimeLimit to value 1000
Set parameter Presolve to value -1
    Opt (delta, 35 segs): width=2.7136, milp=0.016s
Set parameter Method to value 6
Set parameter TimeLimit to value 1000
Set parameter Presolve to value -1
    Opt (eq-budget, 35 segs): width=2.7136, milp=0.014s
Set parameter Method to value 6
Set parameter TimeLimit to value 1000
Set parameter Presolve to value -1
    Van k=5: width=3.0495, milp=0.014s
  Testing input width: 1.0 (bounds=(-0.500, 0.500))
Set parameter Method to value 6
Set parameter TimeLimit to value 1000
Set parameter Presolve to value -1
    Opt (delta, 35 segs): width=3.7246, milp=0.013s
Set parameter Method to value 6
Set parameter TimeLimit to value 1000
Set parameter Presolve to value -1
    Opt (eq-budget, 35 segs): width=3.7246, milp=0.014s
Set parameter Method to value 6
Set parameter TimeLimit to value 1000
Set parameter Presolve to value -1
    Van k=5: width=4.0593, milp=0.013s
  Testing input width: 2.0 (bounds=(-1.000, 1.000))
Set parameter Method to value 6
Set parameter TimeLimit to value 1000
Set parameter Presolve to value -1
    Opt (delta, 35 segs): width=4.7503, milp=0.013s
Set parameter Method to value 6
Set parameter TimeLimit to value 1000
Set parameter Presolve to value -1
    Opt (eq-budget, 35 segs): width=4.7503, milp=0.014s
Set parameter Method to value 6
Set parameter TimeLimit to value 1000
Set parameter Presolve to value -1
    Van k=5: width=4.9694, milp=0.014s
  Testing input width: 5.0 (bounds=(-2.500, 2.500))
Set parameter Method to value 6
Set parameter TimeLimit to value 1000
Set parameter Presolve to value -1
    Opt (delta, 35 segs): width=4.8088, milp=0.013s
Set parameter Method to value 6
Set parameter TimeLimit to value 1000
Set parameter Presolve to value -1
    Opt (eq-budget, 35 segs): width=4.8088, milp=0.014s
Set parameter Method to value 6
Set parameter TimeLimit to value 1000
Set parameter Presolve to value -1
    Van k=5: width=4.9694, milp=0.016s
Saved graph data to logs/graph_data_funcellipeinc.json

=== funcellipkinc ===
  theoretical min error: 13.5546, n_splines: 7, dp_time: 0.047s
  Testing total segment budget: 14 (k=2 per spline for Van)
Set parameter Method to value 6
Set parameter TimeLimit to value 1000
Set parameter Presolve to value -1
    Opt k=2 (budget=14): width=8.7781, ilp=0.004s, milp=0.017s
Set parameter Method to value 6
Set parameter TimeLimit to value 1000
Set parameter Presolve to value -1
    Van k=2: width=6.4193, milp=0.015s
  Testing total segment budget: 21 (k=3 per spline for Van)
Set parameter Method to value 6
Set parameter TimeLimit to value 1000
Set parameter Presolve to value -1
    Opt k=3 (budget=21): width=8.7781, ilp=0.002s, milp=0.016s
Set parameter Method to value 6
Set parameter TimeLimit to value 1000
Set parameter Presolve to value -1
    Van k=3: width=7.6226, milp=0.015s
  Testing total segment budget: 28 (k=4 per spline for Van)
Set parameter Method to value 6
Set parameter TimeLimit to value 1000
Set parameter Presolve to value -1
    Opt k=4 (budget=28): width=6.3160, ilp=0.001s, milp=0.014s
Set parameter Method to value 6
Set parameter TimeLimit to value 1000
Set parameter Presolve to value -1
    Van k=4: width=6.4570, milp=0.016s
  Testing total segment budget: 35 (k=5 per spline for Van)
Set parameter Method to value 6
Set parameter TimeLimit to value 1000
Set parameter Presolve to value -1
    Opt k=5 (budget=35): width=6.4570, ilp=0.002s, milp=0.016s
Set parameter Method to value 6
Set parameter TimeLimit to value 1000
Set parameter Presolve to value -1
    Van k=5: width=6.7033, milp=0.016s
  Testing total segment budget: 42 (k=6 per spline for Van)
Set parameter Method to value 6
Set parameter TimeLimit to value 1000
Set parameter Presolve to value -1
    Opt k=6 (budget=42): width=6.4570, ilp=0.002s, milp=0.026s
Set parameter Method to value 6
Set parameter TimeLimit to value 1000
Set parameter Presolve to value -1
    Van k=6: width=6.6523, milp=0.014s
  Testing total segment budget: 49 (k=7 per spline for Van)
Set parameter Method to value 6
Set parameter TimeLimit to value 1000
Set parameter Presolve to value -1
    Opt k=7 (budget=49): width=6.6139, ilp=0.001s, milp=0.016s
Set parameter Method to value 6
Set parameter TimeLimit to value 1000
Set parameter Presolve to value -1
    Van k=7: width=6.6139, milp=0.013s
  Input sweep allocations: delta-based uses 35 segments (5.0/spline); equal-budget uses 35 (Van k=5 uses 35)
  Testing input width: 0.01 (bounds=(-0.005, 0.005))
Set parameter Method to value 6
Set parameter TimeLimit to value 1000
Set parameter Presolve to value -1
    Opt (delta, 35 segs): width=4.8437, milp=0.015s
Set parameter Method to value 6
Set parameter TimeLimit to value 1000
Set parameter Presolve to value -1
    Opt (eq-budget, 35 segs): width=4.8437, milp=0.016s
Set parameter Method to value 6
Set parameter TimeLimit to value 1000
Set parameter Presolve to value -1
    Van k=5: width=4.8964, milp=0.013s
  Testing input width: 0.05 (bounds=(-0.025, 0.025))
Set parameter Method to value 6
Set parameter TimeLimit to value 1000
Set parameter Presolve to value -1
    Opt (delta, 35 segs): width=4.9034, milp=0.014s
Set parameter Method to value 6
Set parameter TimeLimit to value 1000
Set parameter Presolve to value -1
    Opt (eq-budget, 35 segs): width=4.9034, milp=0.014s
Set parameter Method to value 6
Set parameter TimeLimit to value 1000
Set parameter Presolve to value -1
    Van k=5: width=4.9878, milp=0.014s
  Testing input width: 0.1 (bounds=(-0.050, 0.050))
Set parameter Method to value 6
Set parameter TimeLimit to value 1000
Set parameter Presolve to value -1
    Opt (delta, 35 segs): width=4.9764, milp=0.013s
Set parameter Method to value 6
Set parameter TimeLimit to value 1000
Set parameter Presolve to value -1
    Opt (eq-budget, 35 segs): width=4.9764, milp=0.015s
Set parameter Method to value 6
Set parameter TimeLimit to value 1000
Set parameter Presolve to value -1
    Van k=5: width=5.1019, milp=0.016s
  Testing input width: 0.5 (bounds=(-0.250, 0.250))
Set parameter Method to value 6
Set parameter TimeLimit to value 1000
Set parameter Presolve to value -1
    Opt (delta, 35 segs): width=5.5524, milp=0.016s
Set parameter Method to value 6
Set parameter TimeLimit to value 1000
Set parameter Presolve to value -1
    Opt (eq-budget, 35 segs): width=5.5524, milp=0.014s
Set parameter Method to value 6
Set parameter TimeLimit to value 1000
Set parameter Presolve to value -1
    Van k=5: width=6.0153, milp=0.016s
  Testing input width: 1.0 (bounds=(-0.500, 0.500))
Set parameter Method to value 6
Set parameter TimeLimit to value 1000
Set parameter Presolve to value -1
    Opt (delta, 35 segs): width=6.2783, milp=0.016s
Set parameter Method to value 6
Set parameter TimeLimit to value 1000
Set parameter Presolve to value -1
    Opt (eq-budget, 35 segs): width=6.2783, milp=0.016s
Set parameter Method to value 6
Set parameter TimeLimit to value 1000
Set parameter Presolve to value -1
    Van k=5: width=6.7033, milp=0.016s
  Testing input width: 2.0 (bounds=(-1.000, 1.000))
Set parameter Method to value 6
Set parameter TimeLimit to value 1000
Set parameter Presolve to value -1
    Opt (delta, 35 segs): width=6.4570, milp=0.016s
Set parameter Method to value 6
Set parameter TimeLimit to value 1000
Set parameter Presolve to value -1
    Opt (eq-budget, 35 segs): width=6.4570, milp=0.016s
Set parameter Method to value 6
Set parameter TimeLimit to value 1000
Set parameter Presolve to value -1
    Van k=5: width=6.7033, milp=0.015s
  Testing input width: 5.0 (bounds=(-2.500, 2.500))
Set parameter Method to value 6
Set parameter TimeLimit to value 1000
Set parameter Presolve to value -1
    Opt (delta, 35 segs): width=6.4570, milp=0.015s
Set parameter Method to value 6
Set parameter TimeLimit to value 1000
Set parameter Presolve to value -1
    Opt (eq-budget, 35 segs): width=6.4570, milp=0.016s
Set parameter Method to value 6
Set parameter TimeLimit to value 1000
Set parameter Presolve to value -1
    Van k=5: width=6.7033, milp=0.016s
Saved graph data to logs/graph_data_funcellipkinc.json

=== funcsphharm ===
  theoretical min error: 7.9095, n_splines: 14, dp_time: 0.071s
  Testing total segment budget: 28 (k=2 per spline for Van)
Set parameter Method to value 6
Set parameter TimeLimit to value 1000
Set parameter Presolve to value -1
    Opt k=2 (budget=28): width=5.4772, ilp=0.004s, milp=0.015s
Set parameter Method to value 6
Set parameter TimeLimit to value 1000
Set parameter Presolve to value -1
    Van k=2: width=5.0764, milp=0.014s
  Testing total segment budget: 42 (k=3 per spline for Van)
Set parameter Method to value 6
Set parameter TimeLimit to value 1000
Set parameter Presolve to value -1
    Opt k=3 (budget=42): width=5.4772, ilp=0.003s, milp=0.016s
Set parameter Method to value 6
Set parameter TimeLimit to value 1000
Set parameter Presolve to value -1
    Van k=3: width=5.3856, milp=0.015s
  Testing total segment budget: 56 (k=4 per spline for Van)
Set parameter Method to value 6
Set parameter TimeLimit to value 1000
Set parameter Presolve to value -1
    Opt k=4 (budget=56): width=5.2555, ilp=0.003s, milp=0.014s
Set parameter Method to value 6
Set parameter TimeLimit to value 1000
Set parameter Presolve to value -1
    Van k=4: width=5.8659, milp=0.025s
  Testing total segment budget: 70 (k=5 per spline for Van)
Set parameter Method to value 6
Set parameter TimeLimit to value 1000
Set parameter Presolve to value -1
    Opt k=5 (budget=70): width=5.2383, ilp=0.003s, milp=0.036s
Set parameter Method to value 6
Set parameter TimeLimit to value 1000
Set parameter Presolve to value -1
    Van k=5: width=5.4906, milp=0.058s
  Testing total segment budget: 84 (k=6 per spline for Van)
Set parameter Method to value 6
Set parameter TimeLimit to value 1000
Set parameter Presolve to value -1
    Opt k=6 (budget=84): width=5.0465, ilp=0.003s, milp=0.047s
Set parameter Method to value 6
Set parameter TimeLimit to value 1000
Set parameter Presolve to value -1
    Van k=6: width=5.4615, milp=0.045s
  Testing total segment budget: 98 (k=7 per spline for Van)
Set parameter Method to value 6
Set parameter TimeLimit to value 1000
Set parameter Presolve to value -1
    Opt k=7 (budget=98): width=5.0425, ilp=0.002s, milp=0.047s
Set parameter Method to value 6
Set parameter TimeLimit to value 1000
Set parameter Presolve to value -1
    Van k=7: width=5.0425, milp=0.067s
  Input sweep allocations: delta-based uses 70 segments (5.0/spline); equal-budget uses 70 (Van k=5 uses 70)
  Testing input width: 0.01 (bounds=(-0.005, 0.005))
Set parameter Method to value 6
Set parameter TimeLimit to value 1000
Set parameter Presolve to value -1
    Opt (delta, 70 segs): width=2.5727, milp=0.014s
Set parameter Method to value 6
Set parameter TimeLimit to value 1000
Set parameter Presolve to value -1
    Opt (eq-budget, 70 segs): width=2.5727, milp=0.014s
Set parameter Method to value 6
Set parameter TimeLimit to value 1000
Set parameter Presolve to value -1
    Van k=5: width=3.7221, milp=0.015s
  Testing input width: 0.05 (bounds=(-0.025, 0.025))
Set parameter Method to value 6
Set parameter TimeLimit to value 1000
Set parameter Presolve to value -1
    Opt (delta, 70 segs): width=2.6252, milp=0.014s
Set parameter Method to value 6
Set parameter TimeLimit to value 1000
Set parameter Presolve to value -1
    Opt (eq-budget, 70 segs): width=2.6252, milp=0.014s
Set parameter Method to value 6
Set parameter TimeLimit to value 1000
Set parameter Presolve to value -1
    Van k=5: width=3.8391, milp=0.013s
  Testing input width: 0.1 (bounds=(-0.050, 0.050))
Set parameter Method to value 6
Set parameter TimeLimit to value 1000
Set parameter Presolve to value -1
    Opt (delta, 70 segs): width=2.6908, milp=0.013s
Set parameter Method to value 6
Set parameter TimeLimit to value 1000
Set parameter Presolve to value -1
    Opt (eq-budget, 70 segs): width=2.6908, milp=0.013s
Set parameter Method to value 6
Set parameter TimeLimit to value 1000
Set parameter Presolve to value -1
    Van k=5: width=3.9458, milp=0.014s
  Testing input width: 0.5 (bounds=(-0.250, 0.250))
Set parameter Method to value 6
Set parameter TimeLimit to value 1000
Set parameter Presolve to value -1
    Opt (delta, 70 segs): width=3.2687, milp=0.016s
Set parameter Method to value 6
Set parameter TimeLimit to value 1000
Set parameter Presolve to value -1
    Opt (eq-budget, 70 segs): width=3.2687, milp=0.015s
Set parameter Method to value 6
Set parameter TimeLimit to value 1000
Set parameter Presolve to value -1
    Van k=5: width=4.5876, milp=0.013s
  Testing input width: 1.0 (bounds=(-0.500, 0.500))
Set parameter Method to value 6
Set parameter TimeLimit to value 1000
Set parameter Presolve to value -1
    Opt (delta, 70 segs): width=4.0121, milp=0.025s
Set parameter Method to value 6
Set parameter TimeLimit to value 1000
Set parameter Presolve to value -1
    Opt (eq-budget, 70 segs): width=4.0121, milp=0.025s
Set parameter Method to value 6
Set parameter TimeLimit to value 1000
Set parameter Presolve to value -1
    Van k=5: width=5.1491, milp=0.023s
  Testing input width: 2.0 (bounds=(-1.000, 1.000))
Set parameter Method to value 6
Set parameter TimeLimit to value 1000
Set parameter Presolve to value -1
    Opt (delta, 70 segs): width=5.1906, milp=0.054s
Set parameter Method to value 6
Set parameter TimeLimit to value 1000
Set parameter Presolve to value -1
    Opt (eq-budget, 70 segs): width=5.1906, milp=0.055s
Set parameter Method to value 6
Set parameter TimeLimit to value 1000
Set parameter Presolve to value -1
    Van k=5: width=5.4906, milp=0.023s
  Testing input width: 5.0 (bounds=(-2.500, 2.500))
Set parameter Method to value 6
Set parameter TimeLimit to value 1000
Set parameter Presolve to value -1
    Opt (delta, 70 segs): width=5.2383, milp=0.054s
Set parameter Method to value 6
Set parameter TimeLimit to value 1000
Set parameter Presolve to value -1
    Opt (eq-budget, 70 segs): width=5.2383, milp=0.055s
Set parameter Method to value 6
Set parameter TimeLimit to value 1000
Set parameter Presolve to value -1
    Van k=5: width=5.4906, milp=0.055s
Saved graph data to logs/graph_data_funcsphharm.json

=== functionexp4 ===
  theoretical min error: 28.8000, n_splines: 26, dp_time: 0.075s
  Testing total segment budget: 52 (k=2 per spline for Van)
Set parameter Method to value 6
Set parameter TimeLimit to value 1000
Set parameter Presolve to value -1
    Opt k=2 (budget=52): width=8.4140, ilp=0.004s, milp=0.015s
Set parameter Method to value 6
Set parameter TimeLimit to value 1000
Set parameter Presolve to value -1
    Van k=2: width=7.2055, milp=0.014s
  Testing total segment budget: 78 (k=3 per spline for Van)
Set parameter Method to value 6
Set parameter TimeLimit to value 1000
Set parameter Presolve to value -1
    Opt k=3 (budget=78): width=8.3114, ilp=0.003s, milp=0.014s
Set parameter Method to value 6
Set parameter TimeLimit to value 1000
Set parameter Presolve to value -1
    Van k=3: width=8.1081, milp=0.024s
  Testing total segment budget: 104 (k=4 per spline for Van)
Set parameter Method to value 6
Set parameter TimeLimit to value 1000
Set parameter Presolve to value -1
    Opt k=4 (budget=104): width=6.9918, ilp=0.003s, milp=0.087s
Set parameter Method to value 6
Set parameter TimeLimit to value 1000
Set parameter Presolve to value -1
    Van k=4: width=8.0179, milp=0.088s
  Testing total segment budget: 130 (k=5 per spline for Van)
Set parameter Method to value 6
Set parameter TimeLimit to value 1000
Set parameter Presolve to value -1
    Opt k=5 (budget=130): width=6.6809, ilp=0.003s, milp=0.127s
Set parameter Method to value 6
Set parameter TimeLimit to value 1000
Set parameter Presolve to value -1
    Van k=5: width=7.1718, milp=0.455s
  Testing total segment budget: 156 (k=6 per spline for Van)
Set parameter Method to value 6
Set parameter TimeLimit to value 1000
Set parameter Presolve to value -1
    Opt k=6 (budget=156): width=5.8721, ilp=0.003s, milp=0.424s
Set parameter Method to value 6
Set parameter TimeLimit to value 1000
Set parameter Presolve to value -1
    Van k=6: width=6.5361, milp=0.596s
  Testing total segment budget: 182 (k=7 per spline for Van)
Set parameter Method to value 6
Set parameter TimeLimit to value 1000
Set parameter Presolve to value -1
    Opt k=7 (budget=182): width=5.8610, ilp=0.001s, milp=2.365s
Set parameter Method to value 6
Set parameter TimeLimit to value 1000
Set parameter Presolve to value -1
    Van k=7: width=5.8610, milp=2.350s
  Input sweep allocations: delta-based uses 130 segments (5.0/spline); equal-budget uses 130 (Van k=5 uses 130)
  Testing input width: 0.01 (bounds=(-0.005, 0.005))
Set parameter Method to value 6
Set parameter TimeLimit to value 1000
Set parameter Presolve to value -1
    Opt (delta, 130 segs): width=5.3730, milp=0.016s
Set parameter Method to value 6
Set parameter TimeLimit to value 1000
Set parameter Presolve to value -1
    Opt (eq-budget, 130 segs): width=5.3730, milp=0.014s
Set parameter Method to value 6
Set parameter TimeLimit to value 1000
Set parameter Presolve to value -1
    Van k=5: width=5.7048, milp=0.014s
  Testing input width: 0.05 (bounds=(-0.025, 0.025))
Set parameter Method to value 6
Set parameter TimeLimit to value 1000
Set parameter Presolve to value -1
    Opt (delta, 130 segs): width=5.3957, milp=0.014s
Set parameter Method to value 6
Set parameter TimeLimit to value 1000
Set parameter Presolve to value -1
    Opt (eq-budget, 130 segs): width=5.3957, milp=0.015s
Set parameter Method to value 6
Set parameter TimeLimit to value 1000
Set parameter Presolve to value -1
    Van k=5: width=5.7284, milp=0.014s
  Testing input width: 0.1 (bounds=(-0.050, 0.050))
Set parameter Method to value 6
Set parameter TimeLimit to value 1000
Set parameter Presolve to value -1
    Opt (delta, 130 segs): width=5.4194, milp=0.014s
Set parameter Method to value 6
Set parameter TimeLimit to value 1000
Set parameter Presolve to value -1
    Opt (eq-budget, 130 segs): width=5.4194, milp=0.014s
Set parameter Method to value 6
Set parameter TimeLimit to value 1000
Set parameter Presolve to value -1
    Van k=5: width=5.6799, milp=0.025s
  Testing input width: 0.5 (bounds=(-0.250, 0.250))
Set parameter Method to value 6
Set parameter TimeLimit to value 1000
Set parameter Presolve to value -1
    Opt (delta, 130 segs): width=5.6856, milp=0.014s
Set parameter Method to value 6
Set parameter TimeLimit to value 1000
Set parameter Presolve to value -1
    Opt (eq-budget, 130 segs): width=5.6856, milp=0.014s
Set parameter Method to value 6
Set parameter TimeLimit to value 1000
Set parameter Presolve to value -1
    Van k=5: width=6.0980, milp=0.014s
  Testing input width: 1.0 (bounds=(-0.500, 0.500))
Set parameter Method to value 6
Set parameter TimeLimit to value 1000
Set parameter Presolve to value -1
    Opt (delta, 130 segs): width=6.1323, milp=0.046s
Set parameter Method to value 6
Set parameter TimeLimit to value 1000
Set parameter Presolve to value -1
    Opt (eq-budget, 130 segs): width=6.1323, milp=0.046s
Set parameter Method to value 6
Set parameter TimeLimit to value 1000
Set parameter Presolve to value -1
    Van k=5: width=6.3353, milp=0.047s
  Testing input width: 2.0 (bounds=(-1.000, 1.000))
Set parameter Method to value 6
Set parameter TimeLimit to value 1000
Set parameter Presolve to value -1
    Opt (delta, 130 segs): width=6.3490, milp=0.120s
Set parameter Method to value 6
Set parameter TimeLimit to value 1000
Set parameter Presolve to value -1
    Opt (eq-budget, 130 segs): width=6.3490, milp=0.088s
Set parameter Method to value 6
Set parameter TimeLimit to value 1000
Set parameter Presolve to value -1
    Van k=5: width=7.0891, milp=0.088s
  Testing input width: 5.0 (bounds=(-2.500, 2.500))
Set parameter Method to value 6
Set parameter TimeLimit to value 1000
Set parameter Presolve to value -1
    Opt (delta, 130 segs): width=6.6809, milp=0.138s
Set parameter Method to value 6
Set parameter TimeLimit to value 1000
Set parameter Presolve to value -1
    Opt (eq-budget, 130 segs): width=6.6809, milp=0.118s
Set parameter Method to value 6
Set parameter TimeLimit to value 1000
Set parameter Presolve to value -1
    Van k=5: width=7.1718, milp=0.455s
Saved graph data to logs/graph_data_functionexp4.json

=== functionexp100 ===
  theoretical min error: 2.4260, n_splines: 101, dp_time: 0.123s
  Testing total segment budget: 202 (k=2 per spline for Van)
Set parameter Method to value 6
Set parameter TimeLimit to value 1000
Set parameter Presolve to value -1
    Opt k=2 (budget=202): width=1.9138, ilp=0.010s, milp=0.027s
Set parameter Method to value 6
Set parameter TimeLimit to value 1000
Set parameter Presolve to value -1
    Van k=2: width=2.2674, milp=0.015s
  Testing total segment budget: 303 (k=3 per spline for Van)
Set parameter Method to value 6
Set parameter TimeLimit to value 1000
Set parameter Presolve to value -1
    Opt k=3 (budget=303): width=1.9137, ilp=0.007s, milp=0.014s
Set parameter Method to value 6
Set parameter TimeLimit to value 1000
Set parameter Presolve to value -1
    Van k=3: width=2.6134, milp=0.014s
  Testing total segment budget: 404 (k=4 per spline for Van)
Set parameter Method to value 6
Set parameter TimeLimit to value 1000
Set parameter Presolve to value -1
    Opt k=4 (budget=404): width=1.9137, ilp=0.009s, milp=0.024s
Set parameter Method to value 6
Set parameter TimeLimit to value 1000
Set parameter Presolve to value -1
    Van k=4: width=2.2416, milp=0.014s
  Testing total segment budget: 505 (k=5 per spline for Van)
Set parameter Method to value 6
Set parameter TimeLimit to value 1000
Set parameter Presolve to value -1
    Opt k=5 (budget=505): width=1.9136, ilp=0.008s, milp=0.036s
Set parameter Method to value 6
Set parameter TimeLimit to value 1000
Set parameter Presolve to value -1
    Van k=5: width=2.2007, milp=0.037s
  Testing total segment budget: 606 (k=6 per spline for Van)
Set parameter Method to value 6
Set parameter TimeLimit to value 1000
Set parameter Presolve to value -1
    Opt k=6 (budget=606): width=1.8875, ilp=0.007s, milp=0.026s
Set parameter Method to value 6
Set parameter TimeLimit to value 1000
Set parameter Presolve to value -1
    Van k=6: width=1.9137, milp=0.025s
  Testing total segment budget: 707 (k=7 per spline for Van)
Set parameter Method to value 6
Set parameter TimeLimit to value 1000
Set parameter Presolve to value -1
    Opt k=7 (budget=707): width=1.8875, ilp=0.004s, milp=0.047s
Set parameter Method to value 6
Set parameter TimeLimit to value 1000
Set parameter Presolve to value -1
    Van k=7: width=1.8875, milp=0.047s
  Input sweep allocations: delta-based uses 505 segments (5.0/spline); equal-budget uses 505 (Van k=5 uses 505)
  Testing input width: 0.01 (bounds=(-0.005, 0.005))
Set parameter Method to value 6
Set parameter TimeLimit to value 1000
Set parameter Presolve to value -1
    Opt (delta, 505 segs): width=1.8524, milp=0.015s
Set parameter Method to value 6
Set parameter TimeLimit to value 1000
Set parameter Presolve to value -1
    Opt (eq-budget, 505 segs): width=1.8524, milp=0.065s
Set parameter Method to value 6
Set parameter TimeLimit to value 1000
Set parameter Presolve to value -1
    Van k=5: width=2.1993, milp=0.015s
  Testing input width: 0.05 (bounds=(-0.025, 0.025))
Set parameter Method to value 6
Set parameter TimeLimit to value 1000
Set parameter Presolve to value -1
    Opt (delta, 505 segs): width=1.8526, milp=0.014s
Set parameter Method to value 6
Set parameter TimeLimit to value 1000
Set parameter Presolve to value -1
    Opt (eq-budget, 505 segs): width=1.8526, milp=0.015s
Set parameter Method to value 6
Set parameter TimeLimit to value 1000
Set parameter Presolve to value -1
    Van k=5: width=2.1993, milp=0.014s
  Testing input width: 0.1 (bounds=(-0.050, 0.050))
Set parameter Method to value 6
Set parameter TimeLimit to value 1000
Set parameter Presolve to value -1
    Opt (delta, 505 segs): width=1.8529, milp=0.014s
Set parameter Method to value 6
Set parameter TimeLimit to value 1000
Set parameter Presolve to value -1
    Opt (eq-budget, 505 segs): width=1.8529, milp=0.014s
Set parameter Method to value 6
Set parameter TimeLimit to value 1000
Set parameter Presolve to value -1
    Van k=5: width=2.1993, milp=0.014s
  Testing input width: 0.5 (bounds=(-0.250, 0.250))
Set parameter Method to value 6
Set parameter TimeLimit to value 1000
Set parameter Presolve to value -1
    Opt (delta, 505 segs): width=1.8539, milp=0.015s
Set parameter Method to value 6
Set parameter TimeLimit to value 1000
Set parameter Presolve to value -1
    Opt (eq-budget, 505 segs): width=1.8539, milp=0.014s
Set parameter Method to value 6
Set parameter TimeLimit to value 1000
Set parameter Presolve to value -1
    Van k=5: width=2.1994, milp=0.015s
  Testing input width: 1.0 (bounds=(-0.500, 0.500))
Set parameter Method to value 6
Set parameter TimeLimit to value 1000
Set parameter Presolve to value -1
    Opt (delta, 505 segs): width=1.8744, milp=0.024s
Set parameter Method to value 6
Set parameter TimeLimit to value 1000
Set parameter Presolve to value -1
    Opt (eq-budget, 505 segs): width=1.8744, milp=0.024s
Set parameter Method to value 6
Set parameter TimeLimit to value 1000
Set parameter Presolve to value -1
    Van k=5: width=2.1995, milp=0.014s
  Testing input width: 2.0 (bounds=(-1.000, 1.000))
Set parameter Method to value 6
Set parameter TimeLimit to value 1000
Set parameter Presolve to value -1
    Opt (delta, 505 segs): width=1.9132, milp=0.025s
Set parameter Method to value 6
Set parameter TimeLimit to value 1000
Set parameter Presolve to value -1
    Opt (eq-budget, 505 segs): width=1.9132, milp=0.024s
Set parameter Method to value 6
Set parameter TimeLimit to value 1000
Set parameter Presolve to value -1
    Van k=5: width=2.1996, milp=0.024s
  Testing input width: 5.0 (bounds=(-2.500, 2.500))
Set parameter Method to value 6
Set parameter TimeLimit to value 1000
Set parameter Presolve to value -1
    Opt (delta, 505 segs): width=1.9136, milp=0.035s
Set parameter Method to value 6
Set parameter TimeLimit to value 1000
Set parameter Presolve to value -1
    Opt (eq-budget, 505 segs): width=1.9136, milp=0.036s
Set parameter Method to value 6
Set parameter TimeLimit to value 1000
Set parameter Presolve to value -1
    Van k=5: width=2.2007, milp=0.036s
Saved graph data to logs/graph_data_functionexp100.json

=== funcnoise ===
  theoretical min error: 10.5344, n_splines: 164, dp_time: 0.222s
  Testing total segment budget: 328 (k=2 per spline for Van)
Set parameter Method to value 6
Set parameter TimeLimit to value 1000
Set parameter Presolve to value -1
    Opt k=2 (budget=328): width=4.0451, ilp=0.014s, milp=0.029s
Set parameter Method to value 6
Set parameter TimeLimit to value 1000
Set parameter Presolve to value -1
    Van k=2: width=3.4914, milp=0.057s
  Testing total segment budget: 492 (k=3 per spline for Van)
Set parameter Method to value 6
Set parameter TimeLimit to value 1000
Set parameter Presolve to value -1
    Opt k=3 (budget=492): width=3.5863, ilp=0.016s, milp=0.215s
Set parameter Method to value 6
Set parameter TimeLimit to value 1000
Set parameter Presolve to value -1
    Van k=3: width=3.7791, milp=0.183s
  Testing total segment budget: 656 (k=4 per spline for Van)
Set parameter Method to value 6
Set parameter TimeLimit to value 1000
Set parameter Presolve to value -1
    Opt k=4 (budget=656): width=3.7380, ilp=0.015s, milp=0.393s
Set parameter Method to value 6
Set parameter TimeLimit to value 1000
Set parameter Presolve to value -1
    Van k=4: width=3.7408, milp=3.096s
  Testing total segment budget: 820 (k=5 per spline for Van)
Set parameter Method to value 6
Set parameter TimeLimit to value 1000
Set parameter Presolve to value -1
    Opt k=5 (budget=820): width=3.6392, ilp=0.015s, milp=373.204s
Set parameter Method to value 6
Set parameter TimeLimit to value 1000
Set parameter Presolve to value -1
    Van k=5: width=3.7518, milp=8.583s
  Testing total segment budget: 984 (k=6 per spline for Van)
Set parameter Method to value 6
Set parameter TimeLimit to value 1000
Set parameter Presolve to value -1
    Opt k=6 (budget=984): width=3.4501, ilp=0.034s, milp=292.770s
Set parameter Method to value 6
Set parameter TimeLimit to value 1000
Set parameter Presolve to value -1
    Van k=6: width=3.5831, milp=1327.615s
  Testing total segment budget: 1148 (k=7 per spline for Van)
Set parameter Method to value 6
Set parameter TimeLimit to value 1000
Set parameter Presolve to value -1
    Opt k=7 (budget=1148): width=3.4380, ilp=0.007s, milp=668.199s
Set parameter Method to value 6
Set parameter TimeLimit to value 1000
Set parameter Presolve to value -1
    Van k=7: width=3.4380, milp=854.669s
  Input sweep allocations: delta-based uses 820 segments (5.0/spline); equal-budget uses 820 (Van k=5 uses 820)
  Testing input width: 0.01 (bounds=(-0.005, 0.005))
Set parameter Method to value 6
Set parameter TimeLimit to value 1000
Set parameter Presolve to value -1
    Opt (delta, 820 segs): width=3.4274, milp=0.057s
Set parameter Method to value 6
Set parameter TimeLimit to value 1000
Set parameter Presolve to value -1
    Opt (eq-budget, 820 segs): width=3.4274, milp=0.036s
Set parameter Method to value 6
Set parameter TimeLimit to value 1000
Set parameter Presolve to value -1
    Van k=5: width=3.4685, milp=0.108s
  Testing input width: 0.05 (bounds=(-0.025, 0.025))
Set parameter Method to value 6
Set parameter TimeLimit to value 1000
Set parameter Presolve to value -1
    Opt (delta, 820 segs): width=3.4477, milp=0.036s
Set parameter Method to value 6
Set parameter TimeLimit to value 1000
Set parameter Presolve to value -1
    Opt (eq-budget, 820 segs): width=3.4477, milp=0.056s
Set parameter Method to value 6
Set parameter TimeLimit to value 1000
Set parameter Presolve to value -1
    Van k=5: width=3.4713, milp=0.159s
  Testing input width: 0.1 (bounds=(-0.050, 0.050))
Set parameter Method to value 6
Set parameter TimeLimit to value 1000
Set parameter Presolve to value -1
    Opt (delta, 820 segs): width=3.4499, milp=0.088s
Set parameter Method to value 6
Set parameter TimeLimit to value 1000
Set parameter Presolve to value -1
    Opt (eq-budget, 820 segs): width=3.4499, milp=0.098s
Set parameter Method to value 6
Set parameter TimeLimit to value 1000
Set parameter Presolve to value -1
    Van k=5: width=3.4936, milp=0.211s
  Testing input width: 0.5 (bounds=(-0.250, 0.250))
Set parameter Method to value 6
Set parameter TimeLimit to value 1000
Set parameter Presolve to value -1
    Opt (delta, 820 segs): width=3.4851, milp=0.323s
Set parameter Method to value 6
Set parameter TimeLimit to value 1000
Set parameter Presolve to value -1
    Opt (eq-budget, 820 segs): width=3.4851, milp=0.321s
Set parameter Method to value 6
Set parameter TimeLimit to value 1000
Set parameter Presolve to value -1
    Van k=5: width=3.6943, milp=0.444s
  Testing input width: 1.0 (bounds=(-0.500, 0.500))
Set parameter Method to value 6
Set parameter TimeLimit to value 1000
Set parameter Presolve to value -1
    Opt (delta, 820 segs): width=3.5933, milp=0.363s
Set parameter Method to value 6
Set parameter TimeLimit to value 1000
Set parameter Presolve to value -1
    Opt (eq-budget, 820 segs): width=3.5933, milp=0.373s
Set parameter Method to value 6
Set parameter TimeLimit to value 1000
Set parameter Presolve to value -1
    Van k=5: width=3.6931, milp=0.459s
  Testing input width: 2.0 (bounds=(-1.000, 1.000))
Set parameter Method to value 6
Set parameter TimeLimit to value 1000
Set parameter Presolve to value -1
    Opt (delta, 820 segs): width=3.6326, milp=48.911s
Set parameter Method to value 6
Set parameter TimeLimit to value 1000
Set parameter Presolve to value -1
    Opt (eq-budget, 820 segs): width=3.6326, milp=48.205s
Set parameter Method to value 6
Set parameter TimeLimit to value 1000
Set parameter Presolve to value -1
    Van k=5: width=3.7494, milp=11.628s
  Testing input width: 5.0 (bounds=(-2.500, 2.500))
Set parameter Method to value 6
Set parameter TimeLimit to value 1000
Set parameter Presolve to value -1
    Opt (delta, 820 segs): width=3.6392, milp=373.431s
Set parameter Method to value 6
Set parameter TimeLimit to value 1000
Set parameter Presolve to value -1
    Opt (eq-budget, 820 segs): width=3.6392, milp=373.238s
Set parameter Method to value 6
Set parameter TimeLimit to value 1000
Set parameter Presolve to value -1
    Van k=5: width=3.7518, milp=8.751s
Saved graph data to logs/graph_data_funcnoise.json

============================================================
TIMING SUMMARY
============================================================

functionbessel  (20 params)
  DP abstraction (one-time): 0.097s
     k     ILP (s)    MILP (s)     Van (s)
     2       0.316       0.018       0.014
     3       0.000       0.013       0.013
     4       0.000       0.013       0.013
     5       0.000       0.013       0.013
     6       0.000       0.013       0.014
     7       0.000       0.013       0.013

functionexp  (30 params)
  DP abstraction (one-time): 0.044s
     k     ILP (s)    MILP (s)     Van (s)
     2       0.002       0.013       0.013
     3       0.001       0.013       0.013
     4       0.001       0.014       0.013
     5       0.001       0.013       0.013
     6       0.001       0.013       0.013
     7       0.000       0.013       0.013

functionxy  (60 params)
  DP abstraction (one-time): 0.068s
     k     ILP (s)    MILP (s)     Van (s)
     2       0.002       0.016       0.014
     3       0.003       0.014       0.014
     4       0.002       0.015       0.015
     5       0.002       0.015       0.014
     6       0.002       0.015       0.015
     7       0.001       0.016       0.015

funcellipeinc  (70 params)
  DP abstraction (one-time): 0.059s
     k     ILP (s)    MILP (s)     Van (s)
     2       0.003       0.014       0.014
     3       0.001       0.014       0.016
     4       0.002       0.017       0.015
     5       0.002       0.016       0.014
     6       0.002       0.024       0.016
     7       0.001       0.015       0.015

funcellipkinc  (70 params)
  DP abstraction (one-time): 0.047s
     k     ILP (s)    MILP (s)     Van (s)
     2       0.004       0.017       0.015
     3       0.002       0.016       0.015
     4       0.001       0.014       0.016
     5       0.002       0.016       0.016
     6       0.002       0.026       0.014
     7       0.001       0.016       0.013

functionlegendre  (100 params)
  DP abstraction (one-time): 0.070s
     k     ILP (s)    MILP (s)     Van (s)
     2       0.003       0.015       0.014
     3       0.001       0.025       0.014
     4       0.002       0.066       0.025
     5       0.002       0.088       0.090
     6       0.003       0.119       0.150
     7       0.001       0.088       0.098

funcsphharm  (140 params)
  DP abstraction (one-time): 0.071s
     k     ILP (s)    MILP (s)     Van (s)
     2       0.004       0.015       0.014
     3       0.003       0.016       0.015
     4       0.003       0.014       0.025
     5       0.003       0.036       0.058
     6       0.003       0.047       0.045
     7       0.002       0.047       0.067

functionexp4  (260 params)
  DP abstraction (one-time): 0.075s
     k     ILP (s)    MILP (s)     Van (s)
     2       0.004       0.015       0.014
     3       0.003       0.014       0.024
     4       0.003       0.087       0.088
     5       0.003       0.127       0.455
     6       0.003       0.424       0.596
     7       0.001       2.365       2.350

functionexp100  (1,010 params)
  DP abstraction (one-time): 0.123s
     k     ILP (s)    MILP (s)     Van (s)
     2       0.010       0.027       0.015
     3       0.007       0.014       0.014
     4       0.009       0.024       0.014
     5       0.008       0.036       0.037
     6       0.007       0.026       0.025
     7       0.004       0.047       0.047

funcnoise  (1,312 params)
  DP abstraction (one-time): 0.222s
     k     ILP (s)    MILP (s)     Van (s)
     2       0.014       0.029       0.057
     3       0.016       0.215       0.183
     4       0.015       0.393       3.096
     5       0.015     373.204       8.583
     6       0.034     292.770    1327.615
     7       0.007     668.199     854.669
============================================================

=== True Vanilla: functionbessel ===
Set parameter Method to value 6
Set parameter TimeLimit to value 1000
Set parameter Presolve to value -1
    True Van k=2: width=3.5912, milp=0.015s
Set parameter Method to value 6
Set parameter TimeLimit to value 1000
Set parameter Presolve to value -1
    True Van k=3: width=2.1427, milp=0.013s
Set parameter Method to value 6
Set parameter TimeLimit to value 1000
Set parameter Presolve to value -1
    True Van k=4: width=3.4098, milp=0.014s
Set parameter Method to value 6
Set parameter TimeLimit to value 1000
Set parameter Presolve to value -1
    True Van k=5: width=1.7935, milp=0.013s
Set parameter Method to value 6
Set parameter TimeLimit to value 1000
Set parameter Presolve to value -1
    True Van k=6: width=3.1401, milp=0.013s
Set parameter Method to value 6
Set parameter TimeLimit to value 1000
Set parameter Presolve to value -1
    True Van k=7: width=2.8648, milp=0.013s

=== True Vanilla: functionexp ===
Set parameter Method to value 6
Set parameter TimeLimit to value 1000
Set parameter Presolve to value -1
    True Van k=2: width=12.4692, milp=0.014s
Set parameter Method to value 6
Set parameter TimeLimit to value 1000
Set parameter Presolve to value -1
    True Van k=3: width=15.5486, milp=0.013s
Set parameter Method to value 6
Set parameter TimeLimit to value 1000
Set parameter Presolve to value -1
    True Van k=4: width=13.2519, milp=0.014s
Set parameter Method to value 6
Set parameter TimeLimit to value 1000
Set parameter Presolve to value -1
    True Van k=5: width=13.0502, milp=0.013s
Set parameter Method to value 6
Set parameter TimeLimit to value 1000
Set parameter Presolve to value -1
    True Van k=6: width=10.9824, milp=0.013s
Set parameter Method to value 6
Set parameter TimeLimit to value 1000
Set parameter Presolve to value -1
    True Van k=7: width=10.5161, milp=0.014s

=== True Vanilla: functionxy ===
Set parameter Method to value 6
Set parameter TimeLimit to value 1000
Set parameter Presolve to value -1
    True Van k=2: width=5.4272, milp=0.014s
Set parameter Method to value 6
Set parameter TimeLimit to value 1000
Set parameter Presolve to value -1
    True Van k=3: width=4.4134, milp=0.014s
Set parameter Method to value 6
Set parameter TimeLimit to value 1000
Set parameter Presolve to value -1
    True Van k=4: width=5.1889, milp=0.015s
Set parameter Method to value 6
Set parameter TimeLimit to value 1000
Set parameter Presolve to value -1
    True Van k=5: width=4.3208, milp=0.014s
Set parameter Method to value 6
Set parameter TimeLimit to value 1000
Set parameter Presolve to value -1
    True Van k=6: width=3.5719, milp=0.014s
Set parameter Method to value 6
Set parameter TimeLimit to value 1000
Set parameter Presolve to value -1
    True Van k=7: width=3.2015, milp=0.023s

=== True Vanilla: functionlegendre ===
Set parameter Method to value 6
Set parameter TimeLimit to value 1000
Set parameter Presolve to value -1
    True Van k=2: width=16.4725, milp=0.014s
Set parameter Method to value 6
Set parameter TimeLimit to value 1000
Set parameter Presolve to value -1
    True Van k=3: width=16.2391, milp=0.023s
Set parameter Method to value 6
Set parameter TimeLimit to value 1000
Set parameter Presolve to value -1
    True Van k=4: width=15.8234, milp=0.024s
Set parameter Method to value 6
Set parameter TimeLimit to value 1000
Set parameter Presolve to value -1
    True Van k=5: width=15.1562, milp=0.025s
Set parameter Method to value 6
Set parameter TimeLimit to value 1000
Set parameter Presolve to value -1
    True Van k=6: width=13.6079, milp=0.046s
Set parameter Method to value 6
Set parameter TimeLimit to value 1000
Set parameter Presolve to value -1
    True Van k=7: width=13.0299, milp=0.023s

=== True Vanilla: funcellipeinc ===
Set parameter Method to value 6
Set parameter TimeLimit to value 1000
Set parameter Presolve to value -1
    True Van k=2: width=4.8874, milp=0.013s
Set parameter Method to value 6
Set parameter TimeLimit to value 1000
Set parameter Presolve to value -1
    True Van k=3: width=4.9173, milp=0.013s
Set parameter Method to value 6
Set parameter TimeLimit to value 1000
Set parameter Presolve to value -1
    True Van k=4: width=8.3229, milp=0.014s
Set parameter Method to value 6
Set parameter TimeLimit to value 1000
Set parameter Presolve to value -1
    True Van k=5: width=4.8144, milp=0.014s
Set parameter Method to value 6
Set parameter TimeLimit to value 1000
Set parameter Presolve to value -1
    True Van k=6: width=5.6099, milp=0.013s
Set parameter Method to value 6
Set parameter TimeLimit to value 1000
Set parameter Presolve to value -1
    True Van k=7: width=5.5860, milp=0.023s

=== True Vanilla: funcellipkinc ===
Set parameter Method to value 6
Set parameter TimeLimit to value 1000
Set parameter Presolve to value -1
    True Van k=2: width=8.5587, milp=0.015s
Set parameter Method to value 6
Set parameter TimeLimit to value 1000
Set parameter Presolve to value -1
    True Van k=3: width=8.4395, milp=0.014s
Set parameter Method to value 6
Set parameter TimeLimit to value 1000
Set parameter Presolve to value -1
    True Van k=4: width=12.6516, milp=0.014s
Set parameter Method to value 6
Set parameter TimeLimit to value 1000
Set parameter Presolve to value -1
    True Van k=5: width=8.2462, milp=0.014s
Set parameter Method to value 6
Set parameter TimeLimit to value 1000
Set parameter Presolve to value -1
    True Van k=6: width=8.9935, milp=0.013s
Set parameter Method to value 6
Set parameter TimeLimit to value 1000
Set parameter Presolve to value -1
    True Van k=7: width=7.4147, milp=0.013s

=== True Vanilla: funcsphharm ===
Set parameter Method to value 6
Set parameter TimeLimit to value 1000
Set parameter Presolve to value -1
    True Van k=2: width=6.0889, milp=0.015s
Set parameter Method to value 6
Set parameter TimeLimit to value 1000
Set parameter Presolve to value -1
    True Van k=3: width=6.8170, milp=0.014s
Set parameter Method to value 6
Set parameter TimeLimit to value 1000
Set parameter Presolve to value -1
    True Van k=4: width=8.4984, milp=0.014s
Set parameter Method to value 6
Set parameter TimeLimit to value 1000
Set parameter Presolve to value -1
    True Van k=5: width=5.6833, milp=0.023s
Set parameter Method to value 6
Set parameter TimeLimit to value 1000
Set parameter Presolve to value -1
    True Van k=6: width=6.1431, milp=0.024s
Set parameter Method to value 6
Set parameter TimeLimit to value 1000
Set parameter Presolve to value -1
    True Van k=7: width=6.0912, milp=0.023s

=== True Vanilla: functionexp4 ===
Set parameter Method to value 6
Set parameter TimeLimit to value 1000
Set parameter Presolve to value -1
    True Van k=2: width=10.5040, milp=0.015s
Set parameter Method to value 6
Set parameter TimeLimit to value 1000
Set parameter Presolve to value -1
    True Van k=3: width=10.7130, milp=0.014s
Set parameter Method to value 6
Set parameter TimeLimit to value 1000
Set parameter Presolve to value -1
    True Van k=4: width=13.8650, milp=0.057s
Set parameter Method to value 6
Set parameter TimeLimit to value 1000
Set parameter Presolve to value -1
    True Van k=5: width=9.8209, milp=0.024s
Set parameter Method to value 6
Set parameter TimeLimit to value 1000
Set parameter Presolve to value -1
    True Van k=6: width=10.9472, milp=0.024s
Set parameter Method to value 6
Set parameter TimeLimit to value 1000
Set parameter Presolve to value -1
    True Van k=7: width=8.6630, milp=0.035s

=== True Vanilla: functionexp100 ===
Set parameter Method to value 6
Set parameter TimeLimit to value 1000
Set parameter Presolve to value -1
    True Van k=2: width=3.9925, milp=0.015s
Set parameter Method to value 6
Set parameter TimeLimit to value 1000
Set parameter Presolve to value -1
    True Van k=3: width=3.2818, milp=0.015s
Set parameter Method to value 6
Set parameter TimeLimit to value 1000
Set parameter Presolve to value -1
    True Van k=4: width=2.5351, milp=0.015s
Set parameter Method to value 6
Set parameter TimeLimit to value 1000
Set parameter Presolve to value -1
    True Van k=5: width=2.5503, milp=0.037s
Set parameter Method to value 6
Set parameter TimeLimit to value 1000
Set parameter Presolve to value -1
    True Van k=6: width=2.1080, milp=0.016s
Set parameter Method to value 6
Set parameter TimeLimit to value 1000
Set parameter Presolve to value -1
    True Van k=7: width=2.3173, milp=0.046s

=== True Vanilla: funcnoise ===
Set parameter Method to value 6
Set parameter TimeLimit to value 1000
Set parameter Presolve to value -1
    True Van k=2: width=5.2563, milp=0.026s
Set parameter Method to value 6
Set parameter TimeLimit to value 1000
Set parameter Presolve to value -1
    True Van k=3: width=5.0164, milp=0.046s
Set parameter Method to value 6
Set parameter TimeLimit to value 1000
Set parameter Presolve to value -1
    True Van k=4: width=5.0253, milp=0.128s
Set parameter Method to value 6
Set parameter TimeLimit to value 1000
Set parameter Presolve to value -1
    True Van k=5: width=4.6167, milp=0.112s
Set parameter Method to value 6
Set parameter TimeLimit to value 1000
Set parameter Presolve to value -1
    True Van k=6: width=4.4772, milp=0.640s
Set parameter Method to value 6
Set parameter TimeLimit to value 1000
Set parameter Presolve to value -1
    True Van k=7: width=4.2421, milp=1.243s
